// Vitest Snapshot v1, https://vitest.dev/guide/snapshot.html

exports[`template schema normalization > keeps representative seed templates parseable (golden snapshot) 1`] = `
[
  {
    "archived": undefined,
    "archivedAt": undefined,
    "archivedBy": undefined,
    "category": "Respiratory",
    "criticalFailKeys": [
      "md_order",
      "rate_matches",
      "tubing_labeled",
    ],
    "ftagTags": [
      "F880",
    ],
    "gatingRules": [],
    "id": "audit_oxygen_v2",
    "nydohTags": [
      "10 NYCRR 415.19",
    ],
    "passingThreshold": 90,
    "placementTags": [
      "Respiratory",
      "Infection Prevention",
      "Survey-Ready",
    ],
    "purpose": {
      "evidenceToShow": "Completed samples with compliance %, critical fails logged, and education/action plan documentation.",
      "risk": "Non-compliance can lead to hypoxia events, infection risk from outdated tubing, and survey deficiencies.",
      "summary": "Verify oxygen orders are current, rates/devices match orders, and tubing is labeled/changed per policy.",
    },
    "references": [
      {
        "code": "F880",
        "framework": "CMS",
        "id": "F880",
        "system": "CMS",
        "title": "Infection Prevention and Control",
        "type": undefined,
        "whyItMatters": "Respiratory equipment handling/maintenance intersects with infection prevention.",
      },
      {
        "code": "10 NYCRR 415.19",
        "framework": "NYCRR",
        "id": "10 NYCRR 415.19",
        "system": "NYDOH",
        "title": "Infection control requirements",
        "type": undefined,
        "whyItMatters": "Supports infection control practices related to respiratory equipment.",
      },
    ],
    "replacedByTemplateId": undefined,
    "sampleQuestions": [
      {
        "affectsScore": false,
        "criticalFail": false,
        "criticalFailIf": undefined,
        "key": "patient_code",
        "label": "Patient Code (de-identified)",
        "points": 0,
        "required": true,
        "scope": "sample",
        "score": 0,
        "subjectCode": "patient_code",
        "type": "patientCode",
      },
      {
        "affectsScore": true,
        "criticalFail": true,
        "criticalFailIf": "no",
        "key": "md_order",
        "label": "Oxygen: MD order present (type + parameters)?",
        "points": 20,
        "required": true,
        "scope": "sample",
        "score": 20,
        "type": "yn",
      },
      {
        "affectsScore": true,
        "criticalFail": false,
        "criticalFailIf": undefined,
        "key": "prn_vs_cont",
        "label": "Clearly PRN vs continuous as ordered?",
        "points": 10,
        "required": true,
        "scope": "sample",
        "score": 10,
        "type": "yn",
      },
      {
        "affectsScore": true,
        "criticalFail": true,
        "criticalFailIf": "no",
        "key": "rate_matches",
        "label": "Rate/device matches order (LPM/%/delivery method)?",
        "points": 20,
        "required": true,
        "scope": "sample",
        "score": 20,
        "type": "yn",
      },
      {
        "affectsScore": true,
        "criticalFail": true,
        "criticalFailIf": "no",
        "key": "tubing_labeled",
        "label": "Tubing label has DATE (weekly change per policy)?",
        "points": 15,
        "required": true,
        "scope": "sample",
        "score": 15,
        "type": "yn",
      },
      {
        "affectsScore": true,
        "criticalFail": false,
        "criticalFailIf": undefined,
        "key": "skin_check",
        "label": "Skin integrity checked + ear protector if needed?",
        "points": 10,
        "required": false,
        "scope": "sample",
        "score": 10,
        "type": "yn",
      },
      {
        "affectsScore": true,
        "criticalFail": false,
        "criticalFailIf": undefined,
        "key": "humidifier",
        "label": "Humidifier bottle maintained per policy (if used)?",
        "points": 10,
        "required": false,
        "scope": "sample",
        "score": 10,
        "type": "yn",
      },
      {
        "affectsScore": true,
        "criticalFail": false,
        "criticalFailIf": undefined,
        "key": "pulseox_plan",
        "label": "Pulse ox monitoring frequency documented per order/care plan?",
        "points": 10,
        "required": false,
        "scope": "sample",
        "score": 10,
        "type": "yn",
      },
      {
        "affectsScore": true,
        "criticalFail": false,
        "criticalFailIf": undefined,
        "key": "careplan",
        "label": "Care plan reflects oxygen needs/titration/monitoring?",
        "points": 5,
        "required": false,
        "scope": "sample",
        "score": 5,
        "type": "yn",
      },
      {
        "affectsScore": false,
        "criticalFail": false,
        "criticalFailIf": undefined,
        "key": "notes",
        "label": "Notes / findings",
        "points": 0,
        "required": false,
        "scope": "sample",
        "score": 0,
        "type": "text",
      },
    ],
    "scoring": {
      "maxScore": 100,
      "mode": "sum",
      "naPolicy": "excludeFromDenominator",
    },
    "sessionHeader": {
      "auditorName": "auditor",
      "auditorRole": undefined,
      "batchLabel": undefined,
      "date": "auditDate",
      "facility": undefined,
      "notes": undefined,
      "shift": undefined,
      "unit": undefined,
    },
    "sessionQuestions": [
      {
        "affectsScore": false,
        "criticalFail": false,
        "criticalFailIf": undefined,
        "key": "shift",
        "label": "Shift",
        "options": [
          "7-3",
          "3-11",
          "11-7",
          "7A-7P",
          "7P-7A",
        ],
        "points": 0,
        "required": false,
        "scope": "session",
        "score": 0,
        "type": "select",
      },
    ],
    "templateId": "audit_oxygen_v2",
    "title": "Oxygen & Respiratory Equipment Audit",
    "version": "2.0.0",
  },
  {
    "archived": undefined,
    "archivedAt": undefined,
    "archivedBy": undefined,
    "category": "Respiratory",
    "criticalFailKeys": [
      "order_present",
      "kit_dated",
    ],
    "ftagTags": [
      "F880",
    ],
    "gatingRules": [],
    "id": "audit_neb_v2",
    "nydohTags": [
      "10 NYCRR 415.19",
    ],
    "passingThreshold": 90,
    "placementTags": [
      "Respiratory",
      "Infection Prevention",
      "Survey-Ready",
    ],
    "purpose": {
      "evidenceToShow": "Sample compliance, critical fails, and targeted corrective actions or staff education.",
      "risk": "Prevents missed/incorrect treatments and reduces contamination risk from improperly maintained neb equipment.",
      "summary": "Verify ordered nebulizer treatments are set up correctly with clean storage and maintenance to reduce infection risk.",
    },
    "references": [
      {
        "code": "F880",
        "framework": "CMS",
        "id": "F880",
        "system": "CMS",
        "title": "Infection Prevention and Control",
        "type": undefined,
        "whyItMatters": "Neb equipment cleaning/storage is a standard IPC risk area.",
      },
      {
        "code": "10 NYCRR 415.19",
        "framework": "NYCRR",
        "id": "10 NYCRR 415.19",
        "system": "NYDOH",
        "title": "Infection control requirements",
        "type": undefined,
        "whyItMatters": "Supports infection prevention practices for reusable respiratory equipment.",
      },
    ],
    "replacedByTemplateId": undefined,
    "sampleQuestions": [
      {
        "affectsScore": false,
        "criticalFail": false,
        "criticalFailIf": undefined,
        "key": "patient_code",
        "label": "Patient Code (de-identified)",
        "points": 0,
        "required": true,
        "scope": "sample",
        "score": 0,
        "subjectCode": "patient_code",
        "type": "patientCode",
      },
      {
        "affectsScore": true,
        "criticalFail": true,
        "criticalFailIf": "no",
        "key": "order_present",
        "label": "Treatment order present (med + frequency + route)?",
        "points": 25,
        "required": true,
        "scope": "sample",
        "score": 25,
        "type": "yn",
      },
      {
        "affectsScore": true,
        "criticalFail": true,
        "criticalFailIf": "no",
        "key": "kit_dated",
        "label": "Neb setup kit is dated (date changed documented)?",
        "points": 25,
        "required": true,
        "scope": "sample",
        "score": 25,
        "type": "yn",
      },
      {
        "affectsScore": true,
        "criticalFail": false,
        "criticalFailIf": undefined,
        "key": "clean_storage",
        "label": "Equipment stored clean/dry (protected from contamination)?",
        "points": 20,
        "required": true,
        "scope": "sample",
        "score": 20,
        "type": "yn",
      },
      {
        "affectsScore": true,
        "criticalFail": false,
        "criticalFailIf": undefined,
        "key": "resp_assess",
        "label": "Resp assessment documented with response to treatment?",
        "points": 15,
        "required": false,
        "scope": "sample",
        "score": 15,
        "type": "yn",
      },
      {
        "affectsScore": true,
        "criticalFail": false,
        "criticalFailIf": undefined,
        "key": "patient_education",
        "label": "Patient education/safety documented (as applicable)?",
        "points": 10,
        "required": false,
        "scope": "sample",
        "score": 10,
        "type": "yn",
      },
      {
        "affectsScore": false,
        "criticalFail": false,
        "criticalFailIf": undefined,
        "key": "notes",
        "label": "Notes / findings",
        "points": 0,
        "required": false,
        "scope": "sample",
        "score": 0,
        "type": "text",
      },
    ],
    "scoring": {
      "maxScore": 95,
      "mode": "sum",
      "naPolicy": "excludeFromDenominator",
    },
    "sessionHeader": {
      "auditorName": "auditor",
      "auditorRole": undefined,
      "batchLabel": undefined,
      "date": "auditDate",
      "facility": undefined,
      "notes": undefined,
      "shift": undefined,
      "unit": undefined,
    },
    "sessionQuestions": [],
    "templateId": "audit_neb_v2",
    "title": "Nebulizer / Respiratory Treatment Setup Audit",
    "version": "2.0.0",
  },
  {
    "archived": undefined,
    "archivedAt": undefined,
    "archivedBy": undefined,
    "category": "Infection Control",
    "criticalFailKeys": [
      "performed_hygiene",
    ],
    "ftagTags": [
      "F880",
    ],
    "gatingRules": [],
    "id": "audit_hand_hygiene_v1",
    "nydohTags": [
      "10 NYCRR 415.19",
    ],
    "passingThreshold": 85,
    "placementTags": [
      "Infection Prevention",
      "High Risk",
      "Survey-Ready",
    ],
    "purpose": {
      "evidenceToShow": "Compliance rates by unit, staff category, and moment of hygiene.",
      "risk": "Non-compliance increases risk of cross-contamination and HAI transmission between patients.",
      "summary": "Monitor compliance with hand hygiene protocols to prevent healthcare-associated infections.",
    },
    "references": [
      {
        "code": "F880",
        "framework": "CMS",
        "id": "F880",
        "system": "CMS",
        "title": "Infection Prevention and Control",
        "type": undefined,
        "whyItMatters": "Hand hygiene is foundational to infection prevention.",
      },
      {
        "code": "10 NYCRR 415.19",
        "framework": "NYCRR",
        "id": "10 NYCRR 415.19",
        "system": "NYDOH",
        "title": "Infection control requirements",
        "type": undefined,
        "whyItMatters": "State requirement for infection control practices.",
      },
    ],
    "replacedByTemplateId": undefined,
    "sampleQuestions": [
      {
        "affectsScore": false,
        "criticalFail": false,
        "criticalFailIf": undefined,
        "key": "patient_code",
        "label": "Observation Code",
        "points": 0,
        "required": true,
        "scope": "sample",
        "score": 0,
        "subjectCode": "patient_code",
        "type": "patientCode",
      },
      {
        "affectsScore": false,
        "criticalFail": false,
        "criticalFailIf": undefined,
        "key": "staff_role",
        "label": "Staff role observed",
        "options": [
          "RN",
          "LPN",
          "CNA",
          "MD",
          "PT/OT",
          "Other",
        ],
        "points": 0,
        "required": true,
        "scope": "sample",
        "score": 0,
        "type": "select",
      },
      {
        "affectsScore": false,
        "criticalFail": false,
        "criticalFailIf": undefined,
        "key": "moment",
        "label": "Moment of hygiene",
        "options": [
          "Before patient contact",
          "After patient contact",
          "After body fluid exposure",
          "Before aseptic procedure",
          "After touching patient surroundings",
        ],
        "points": 0,
        "required": true,
        "scope": "sample",
        "score": 0,
        "type": "select",
      },
      {
        "affectsScore": true,
        "criticalFail": true,
        "criticalFailIf": "no",
        "key": "performed_hygiene",
        "label": "Hand hygiene performed?",
        "points": 100,
        "required": true,
        "scope": "sample",
        "score": 100,
        "type": "yn",
      },
      {
        "affectsScore": true,
        "criticalFail": false,
        "criticalFailIf": undefined,
        "key": "proper_technique",
        "label": "Proper technique used (20+ seconds)?",
        "points": 20,
        "required": false,
        "scope": "sample",
        "score": 20,
        "type": "yn",
      },
      {
        "affectsScore": false,
        "criticalFail": false,
        "criticalFailIf": undefined,
        "key": "notes",
        "label": "Notes",
        "points": 0,
        "required": false,
        "scope": "sample",
        "score": 0,
        "type": "text",
      },
    ],
    "scoring": {
      "maxScore": 120,
      "mode": "sum",
      "naPolicy": "excludeFromDenominator",
    },
    "sessionHeader": {
      "auditorName": "auditor",
      "auditorRole": undefined,
      "batchLabel": undefined,
      "date": "auditDate",
      "facility": undefined,
      "notes": undefined,
      "shift": undefined,
      "unit": undefined,
    },
    "sessionQuestions": [
      {
        "affectsScore": false,
        "criticalFail": false,
        "criticalFailIf": undefined,
        "key": "shift",
        "label": "Shift",
        "options": [
          "7-3",
          "3-11",
          "11-7",
        ],
        "points": 0,
        "required": false,
        "scope": "session",
        "score": 0,
        "type": "select",
      },
      {
        "affectsScore": false,
        "criticalFail": false,
        "criticalFailIf": undefined,
        "key": "observer",
        "label": "Observer initials",
        "points": 0,
        "required": true,
        "scope": "session",
        "score": 0,
        "type": "text",
      },
    ],
    "templateId": "audit_hand_hygiene_v1",
    "title": "Hand Hygiene Audit",
    "version": "1.0.0",
  },
]
`;
